Microchip MPLAB XC8 Compiler V2.31

Linker command line:

-W-3 --edf=C:\Program Files\Microchip\xc8\v2.31\pic\dat\en_msgs.txt -cn \
  -h+dist/default/production\Ibis_irex_pwm_signal.X.production.sym \
  --cmf=dist/default/production\Ibis_irex_pwm_signal.X.production.cmf -z \
  -Q16F684 -oC:\Users\ADMINI~1\AppData\Local\Temp\s5to.2 \
  --defsym=__MPLAB_BUILD=1 \
  -Mdist/default/production/Ibis_irex_pwm_signal.X.production.map -E1 \
  -ver=XC8 Compiler --acfsm=1493 -ASTACK=0A0h-0BFh -pstack=STACK \
  -ACODE=00h-07FFh -ASTRCODE=00h-07FFh -ASTRING=00h-0FFhx8 \
  -ACONST=00h-0FFhx8 -AENTRY=00h-0FFhx8 -ACOMMON=070h-07Fh \
  -ABANK0=020h-06Fh -ABANK1=0A0h-0BFh -ARAM=020h-06Fh,0A0h-0BFh \
  -AABS1=020h-07Fh,0A0h-0BFh -ASFR0=00h-01Fh -ASFR1=080h-09Fh \
  -ACONFIG=02007h-02007h -DCONFIG=2 -AIDLOC=02000h-02003h -DIDLOC=2 \
  -AEEDATA=00h-0FFh/02100h -peeprom_data=EEDATA -DEEDATA=2 -DCODE=2 \
  -DSTRCODE=2 -DSTRING=2 -DCONST=2 -DENTRY=2 \
  -preset_vec=00h,intentry,init,end_init -ppowerup=CODE -pcinit=CODE \
  -pfunctab=ENTRY -k C:\Users\ADMINI~1\AppData\Local\Temp\s5to.o \
  dist/default/production\Ibis_irex_pwm_signal.X.production.o 

Object code version is 3.11

Machine type is 16F684



                Name                               Link     Load   Length Selector   Space Scale
C:\Users\ADMINI~1\AppData\Local\Temp\s5to.o
                end_init                              0        0        1        0       0
                config                             2007     2007        1        0       4
dist/default/production\Ibis_irex_pwm_signal.X.production.o
                cinit                               7FE      7FE        2      FFC       0
                config                             2007     2007        1        0       4
                text6                               598      598        7      B30       0
                text5                               59F      59F       15      B3E       0
                text4                               5B4      5B4       16      B68       0
                text3                               610      610       9C      C20       0
                text2                               5CA      5CA       46      B94       0
                text1                               6AC      6AC       9D      D58       0
                maintext                            749      749       B5      E92       0
                cstackBANK0                          20       20       3B       20       1
                cstackCOMMON                         70       70        E       70       1

TOTAL           Name                               Link     Load   Length     Space
        CLASS   STACK          

        CLASS   CODE           
                end_init                              0        0        1         0
                cinit                               7FE      7FE        2         0
                text6                               598      598        7         0
                text5                               59F      59F       15         0
                text4                               5B4      5B4       16         0
                text3                               610      610       9C         0
                text2                               5CA      5CA       46         0
                text1                               6AC      6AC       9D         0
                maintext                            749      749       B5         0

        CLASS   STRCODE        

        CLASS   STRING         

        CLASS   CONST          

        CLASS   ENTRY          

        CLASS   COMMON         
                cstackCOMMON                         70       70        E         1

        CLASS   BANK0          
                cstackBANK0                          20       20       3B         1

        CLASS   BANK1          

        CLASS   RAM            

        CLASS   ABS1           
                abs_s1                               7E       7E        2         1

        CLASS   SFR0           

        CLASS   SFR1           

        CLASS   CONFIG         
                config                             2007     2007        1         4

        CLASS   IDLOC          

        CLASS   EEDATA         



SEGMENTS        Name                           Load    Length   Top    Selector   Space  Class     Delta

                reset_vec                      000000  000001  000001         0       0  CODE        2
                cstackBANK0                    000020  00003B  00005B        20       1  BANK0       1
                cstackCOMMON                   000070  00000E  00007E        70       1  COMMON      1
                text6                          000598  000007  00059F       B30       0  CODE        2
                text5                          00059F  000015  0005B4       B3E       0  CODE        2
                text4                          0005B4  000016  0005CA       B68       0  CODE        2
                text2                          0005CA  000046  000610       B94       0  CODE        2
                text3                          000610  00009C  0006AC       C20       0  CODE        2
                text1                          0006AC  00009D  000749       D58       0  CODE        2
                maintext                       000749  0000B5  0007FE       E92       0  CODE        2
                cinit                          0007FE  000002  000800       FFC       0  CODE        2


UNUSED ADDRESS RANGES

        Name                Unused          Largest block    Delta
        BANK0            005B-006F             15           1
        BANK1            00A0-00BF             20           1
        CODE             0001-0597            597           2
        CONST            0001-0597            100           2
        EEDATA           2100-21FF            100           2
        ENTRY            0001-0597            100           2
        IDLOC            2000-2003              4           2
        RAM              005B-006F             15           1
                         00A0-00BF             20
        SFR0             0000-001F             20           1
        SFR1             0080-009F             20           1
        STACK            00A0-00BF             20           1
        STRCODE          0001-0597            597           2
        STRING           0001-0597            100           2

                                  Symbol Table

?_ADC_Read               cstackCOMMON 0070
?___aldiv                cstackBANK0  0020
?___lmul                 cstackCOMMON 0070
?_map                    cstackBANK0  002E
_ADCON0                  (abs)        001F
_ADCON1                  (abs)        009F
_ADC_Initialize          text6        0598
_ADC_Read                text5        059F
_ADRESH                  (abs)        001E
_ADRESL                  (abs)        009E
_ANSEL                   (abs)        0091
_CCP1M0                  (abs)        00A8
_CCP1M1                  (abs)        00A9
_CCP1M2                  (abs)        00AA
_CCP1M3                  (abs)        00AB
_CCPR1L                  (abs)        0013
_DC1B0                   (abs)        00AC
_DC1B1                   (abs)        00AD
_GO_nDONE                (abs)        00F9
_IRCF0                   (abs)        047C
_IRCF1                   (abs)        047D
_IRCF2                   (abs)        047E
_P1M0                    (abs)        00AE
_P1M1                    (abs)        00AF
_PR2                     (abs)        0092
_PWM_Initialize          text4        05B4
_RA5                     (abs)        002D
_RC0                     (abs)        0038
_T2CKPS0                 (abs)        0090
_T2CKPS1                 (abs)        0091
_TMR2IF                  (abs)        0061
_TMR2ON                  (abs)        0092
_TRISA                   (abs)        0085
_TRISC                   (abs)        0087
_TRISC5                  (abs)        043D
__Habs1                  abs1         0000
__Hbank0                 bank0        0000
__Hbank1                 bank1        0000
__Hcinit                 cinit        0800
__Hclrtext               clrtext      0000
__Hcode                  code         0000
__Hcommon                common       0000
__Hconfig                config       2008
__HcstackBANK0           cstackBANK0  0000
__HcstackCOMMON          cstackCOMMON 0000
__Heeprom_data           eeprom_data  0000
__Hend_init              end_init     0001
__Hfunctab               functab      0000
__Hinit                  init         0000
__Hintentry              intentry     0000
__Hmaintext              maintext     0000
__Hpowerup               powerup      0000
__Hram                   ram          0000
__Hreset_vec             reset_vec    0000
__Hsfr0                  sfr0         0000
__Hsfr1                  sfr1         0000
__Hspace_0               (abs)        0800
__Hspace_1               (abs)        007E
__Hspace_2               (abs)        0000
__Hspace_3               (abs)        0000
__Hspace_4               (abs)        400F
__Hstack                 stack        0000
__Hstrings               strings      0000
__Htext                  text         0000
__Labs1                  abs1         0000
__Lbank0                 bank0        0000
__Lbank1                 bank1        0000
__Lcinit                 cinit        07FE
__Lclrtext               clrtext      0000
__Lcode                  code         0000
__Lcommon                common       0000
__Lconfig                config       0000
__LcstackBANK0           cstackBANK0  0000
__LcstackCOMMON          cstackCOMMON 0000
__Leeprom_data           eeprom_data  0000
__Lend_init              end_init     0000
__Lfunctab               functab      0000
__Linit                  init         0000
__Lintentry              intentry     0000
__Lmaintext              maintext     0000
__Lpowerup               powerup      0000
__Lram                   ram          0000
__Lreset_vec             reset_vec    0000
__Lsfr0                  sfr0         0000
__Lsfr1                  sfr1         0000
__Lspace_0               (abs)        0000
__Lspace_1               (abs)        0000
__Lspace_2               (abs)        0000
__Lspace_3               (abs)        0000
__Lspace_4               (abs)        0000
__Lstack                 stack        0000
__Lstrings               strings      0000
__Ltext                  text         0000
__S0                     (abs)        0800
__S1                     (abs)        007E
__S2                     (abs)        0000
__S3                     (abs)        0000
___aldiv                 text3        0610
___aldiv@counter         cstackBANK0  0028
___aldiv@dividend        cstackBANK0  0024
___aldiv@divisor         cstackBANK0  0020
___aldiv@quotient        cstackBANK0  002A
___aldiv@sign            cstackBANK0  0029
___int_sp                stack        0000
___latbits               (abs)        0000
___lmul                  text2        05CA
___lmul@multiplicand     cstackCOMMON 0074
___lmul@multiplier       cstackCOMMON 0070
___lmul@product          cstackCOMMON 0079
___sp                    stack        0000
___stackhi               (abs)        0000
___stacklo               (abs)        0000
__end_of_ADC_Initialize  text6        059F
__end_of_ADC_Read        text5        05B4
__end_of_PWM_Initialize  text4        05CA
__end_of___aldiv         text3        06AC
__end_of___lmul          text2        0610
__end_of__initialization cinit        07FE
__end_of_main            maintext     07FE
__end_of_map             text1        0749
__initialization         cinit        07FE
__pcstackBANK0           cstackBANK0  0020
__pcstackCOMMON          cstackCOMMON 0070
__pmaintext              maintext     0749
__ptext1                 text1        06AC
__ptext2                 text2        05CA
__ptext3                 text3        0610
__ptext4                 text4        05B4
__ptext5                 text5        059F
__ptext6                 text6        0598
__size_of_ADC_Initialize (abs)        0000
__size_of_ADC_Read       (abs)        0000
__size_of_PWM_Initialize (abs)        0000
__size_of___aldiv        (abs)        0000
__size_of___lmul         (abs)        0000
__size_of_main           (abs)        0000
__size_of_map            (abs)        0000
_main                    maintext     0749
_map                     text1        06AC
btemp                    (abs)        007E
end_of_initialization    cinit        07FE
intlevel0                functab      0000
intlevel1                functab      0000
intlevel2                functab      0000
intlevel3                functab      0000
intlevel4                functab      0000
intlevel5                functab      0000
main@counter             cstackBANK0  0059
main@duty                cstackBANK0  0052
main@flag2               cstackBANK0  0054
main@val1                cstackBANK0  0055
main@val2                cstackBANK0  0057
map@in_max               cstackBANK0  0036
map@in_min               cstackBANK0  0032
map@out_max              cstackBANK0  003E
map@out_min              cstackBANK0  003A
map@x                    cstackBANK0  002E
reset_vec                reset_vec    0000
start                    init         0000
start_initialization     cinit        07FE
wtemp0                   (abs)        007E


FUNCTION INFORMATION:

 *************** function _main *****************
 Defined at:
		line 58 in file "ibismain.c"
 Parameters:    Size  Location     Type
		None
 Auto vars:     Size  Location     Type
  counter         2   57[BANK0 ] int 
  val2            2   55[BANK0 ] int 
  val1            2   53[BANK0 ] int 
  duty            2   50[BANK0 ] int 
  flag2           1   52[BANK0 ] unsigned char 
 Return value:  Size  Location     Type
                  1    wreg      void 
 Registers used:
		wreg, status,2, status,0, pclath, cstack
 Tracked objects:
		On entry : 
		On exit  : 
		Unchanged: 
 Data sizes:     COMMON   BANK0   BANK1
      Params:         0       0       0
      Locals:         0       9       0
      Temps:          0       0       0
      Totals:         0       9       0
Total ram usage:        9 bytes
 Hardware stack levels required when called:    2
 This function calls:
		_ADC_Initialize
		_ADC_Read
		_PWM_Initialize
		_map
 This function is called by:
		Startup code after reset
 This function uses a non-reentrant model


 *************** function _map *****************
 Defined at:
		line 54 in file "ibismain.c"
 Parameters:    Size  Location     Type
  x               4   14[BANK0 ] long 
  in_min          4   18[BANK0 ] long 
  in_max          4   22[BANK0 ] long 
  out_min         4   26[BANK0 ] long 
  out_max         4   30[BANK0 ] long 
 Auto vars:     Size  Location     Type
		None
 Return value:  Size  Location     Type
                  4   14[BANK0 ] long 
 Registers used:
		wreg, status,2, status,0, pclath, cstack
 Tracked objects:
		On entry : 
		On exit  : 
		Unchanged: 
 Data sizes:     COMMON   BANK0   BANK1
      Params:         0      20       0
      Locals:         0       0       0
      Temps:          0      16       0
      Totals:         0      36       0
Total ram usage:       36 bytes
 Hardware stack levels used:    1
 Hardware stack levels required when called:    1
 This function calls:
		___aldiv
		___lmul
 This function is called by:
		_main
 This function uses a non-reentrant model


 *************** function ___lmul *****************
 Defined at:
		line 15 in file "C:\Program Files\Microchip\xc8\v2.31\pic\sources\c90\common\Umul32.c"
 Parameters:    Size  Location     Type
  multiplier      4    0[COMMON] unsigned long 
  multiplicand    4    4[COMMON] unsigned long 
 Auto vars:     Size  Location     Type
  product         4    9[COMMON] unsigned long 
 Return value:  Size  Location     Type
                  4    0[COMMON] unsigned long 
 Registers used:
		wreg, status,2, status,0
 Tracked objects:
		On entry : 
		On exit  : 
		Unchanged: 
 Data sizes:     COMMON   BANK0   BANK1
      Params:         8       0       0
      Locals:         4       0       0
      Temps:          1       0       0
      Totals:        13       0       0
Total ram usage:       13 bytes
 Hardware stack levels used:    1
 This function calls:
		Nothing
 This function is called by:
		_map
 This function uses a non-reentrant model


 *************** function ___aldiv *****************
 Defined at:
		line 5 in file "C:\Program Files\Microchip\xc8\v2.31\pic\sources\c90\common\aldiv.c"
 Parameters:    Size  Location     Type
  divisor         4    0[BANK0 ] long 
  dividend        4    4[BANK0 ] long 
 Auto vars:     Size  Location     Type
  quotient        4   10[BANK0 ] long 
  sign            1    9[BANK0 ] unsigned char 
  counter         1    8[BANK0 ] unsigned char 
 Return value:  Size  Location     Type
                  4    0[BANK0 ] long 
 Registers used:
		wreg, status,2, status,0
 Tracked objects:
		On entry : 
		On exit  : 
		Unchanged: 
 Data sizes:     COMMON   BANK0   BANK1
      Params:         0       8       0
      Locals:         0       6       0
      Temps:          1       0       0
      Totals:         1      14       0
Total ram usage:       15 bytes
 Hardware stack levels used:    1
 This function calls:
		Nothing
 This function is called by:
		_map
 This function uses a non-reentrant model


 *************** function _PWM_Initialize *****************
 Defined at:
		line 29 in file "ibismain.c"
 Parameters:    Size  Location     Type
		None
 Auto vars:     Size  Location     Type
		None
 Return value:  Size  Location     Type
                  1    wreg      void 
 Registers used:
		wreg
 Tracked objects:
		On entry : 
		On exit  : 
		Unchanged: 
 Data sizes:     COMMON   BANK0   BANK1
      Params:         0       0       0
      Locals:         0       0       0
      Temps:          0       0       0
      Totals:         0       0       0
Total ram usage:        0 bytes
 Hardware stack levels used:    1
 This function calls:
		Nothing
 This function is called by:
		_main
 This function uses a non-reentrant model


 *************** function _ADC_Read *****************
 Defined at:
		line 46 in file "ibismain.c"
 Parameters:    Size  Location     Type
		None
 Auto vars:     Size  Location     Type
		None
 Return value:  Size  Location     Type
                  2    0[COMMON] int 
 Registers used:
		wreg
 Tracked objects:
		On entry : 
		On exit  : 
		Unchanged: 
 Data sizes:     COMMON   BANK0   BANK1
      Params:         2       0       0
      Locals:         0       0       0
      Temps:          2       0       0
      Totals:         4       0       0
Total ram usage:        4 bytes
 Hardware stack levels used:    1
 This function calls:
		Nothing
 This function is called by:
		_main
 This function uses a non-reentrant model


 *************** function _ADC_Initialize *****************
 Defined at:
		line 40 in file "ibismain.c"
 Parameters:    Size  Location     Type
		None
 Auto vars:     Size  Location     Type
		None
 Return value:  Size  Location     Type
                  1    wreg      void 
 Registers used:
		wreg
 Tracked objects:
		On entry : 
		On exit  : 
		Unchanged: 
 Data sizes:     COMMON   BANK0   BANK1
      Params:         0       0       0
      Locals:         0       0       0
      Temps:          0       0       0
      Totals:         0       0       0
Total ram usage:        0 bytes
 Hardware stack levels used:    1
 This function calls:
		Nothing
 This function is called by:
		_main
 This function uses a non-reentrant model



MODULE INFORMATION

Module		Function		Class		Link	Load	Size
ibismain.c
		_map           		CODE           	06AC	0000	157
		_PWM_Initialize		CODE           	05B4	0000	22
		_ADC_Initialize		CODE           	0598	0000	7
		_main          		CODE           	0749	0000	181
		_ADC_Read      		CODE           	059F	0000	21

ibismain.c estimated size: 388

C:\Program Files\Microchip\xc8\v2.31\pic\sources\c90\common\Umul32.c
		___lmul        		CODE           	05CA	0000	70

C:\Program Files\Microchip\xc8\v2.31\pic\sources\c90\common\Umul32.c estimated size: 70

shared
		__initialization		CODE           	07FE	0000	1

shared estimated size: 1

C:\Program Files\Microchip\xc8\v2.31\pic\sources\c90\common\aldiv.c
		___aldiv       		CODE           	0610	0000	156

C:\Program Files\Microchip\xc8\v2.31\pic\sources\c90\common\aldiv.c estimated size: 156

